
Memory Configuration

Name             Origin             Length             Attributes
ROM              0x08000000         0x00100000         xr
SRAM             0x20000000         0x00020000         xrw
*default*        0x00000000         0xffffffff

Linker script and memory map

LOAD main.o
LOAD led.o
LOAD stm32_startup.o

.text           0x08000000      0x7c4
 *(.isr_vector)
 .isr_vector    0x08000000      0x188 stm32_startup.o
                0x08000000                vectors
 *(.text)
 .text          0x08000188      0x4b4 main.o
                0x08000188                main
                0x080001b4                SysTick_Handler
                0x080001c8                PendSV_Handler
                0x080001ee                idle_task
                0x080001f4                task1_handler
                0x08000216                task2_handler
                0x08000238                task3_handler
                0x08000256                task4_handler
                0x08000274                unblock_tasks
                0x080002d4                init_systick_timer
                0x08000338                init_scheduler_stack
                0x08000342                save_psp_value
                0x0800036c                update_next_task
                0x080003f4                update_global_tick_count
                0x08000410                init_task_stack
                0x0800052c                get_psp
                0x0800054c                switch_sp_to_psp
                0x08000566                schedule
                0x0800058c                task_delay
                0x080005ec                enable_proccessor_faults
                0x08000628                HardFault_Handler
                0x0800062e                MemManage_Handler
                0x08000634                BusFault_Handler
 .text          0x0800063c       0xfc led.o
                0x0800063c                delay
                0x08000664                led_init_all
                0x080006d8                led_on
                0x08000708                led_off
 .text          0x08000738       0x8c stm32_startup.o
                0x08000738                RTC_Alarm_IRQHandler
                0x08000738                HASH_RNG_IRQHandler
                0x08000738                EXTI2_IRQHandler
                0x08000738                TIM8_CC_IRQHandler
                0x08000738                DebugMon_Handler
                0x08000738                TIM1_CC_IRQHandler
                0x08000738                DMA2_Stream5_IRQHandler
                0x08000738                DMA1_Stream5_IRQHandler
                0x08000738                PVD_IRQHandler
                0x08000738                SDIO_IRQHandler
                0x08000738                TAMP_STAMP_IRQHandler
                0x08000738                NMI_Handler
                0x08000738                CAN2_RX1_IRQHandler
                0x08000738                EXTI3_IRQHandler
                0x08000738                TIM8_TRG_COM_TIM14_IRQHandler
                0x08000738                TIM1_UP_TIM10_IRQHandler
                0x08000738                TIM8_UP_TIM13_IRQHandler
                0x08000738                I2C3_ER_IRQHandler
                0x08000738                EXTI0_IRQHandler
                0x08000738                I2C2_EV_IRQHandler
                0x08000738                DMA1_Stream2_IRQHandler
                0x08000738                CAN1_RX0_IRQHandler
                0x08000738                FPU_IRQHandler
                0x08000738                OTG_HS_WKUP_IRQHandler
                0x08000738                UsageFault_Handler
                0x08000738                CAN2_SCE_IRQHandler
                0x08000738                DMA2_Stream2_IRQHandler
                0x08000738                SPI1_IRQHandler
                0x08000738                TIM6_DAC_IRQHandler
                0x08000738                TIM1_BRK_TIM9_IRQHandler
                0x08000738                DCMI_IRQHandler
                0x08000738                CAN2_RX0_IRQHandler
                0x08000738                DMA2_Stream3_IRQHandler
                0x08000738                USART6_IRQHandler
                0x08000738                USART3_IRQHandler
                0x08000738                CRYP_IRQHandler
                0x08000738                DMA2_Stream6_IRQHandler
                0x08000738                CAN1_RX1_IRQHandler
                0x08000738                UART5_IRQHandler
                0x08000738                DMA2_Stream0_IRQHandler
                0x08000738                TIM4_IRQHandler
                0x08000738                I2C1_EV_IRQHandler
                0x08000738                DMA1_Stream6_IRQHandler
                0x08000738                DMA1_Stream1_IRQHandler
                0x08000738                UART4_IRQHandler
                0x08000738                TIM3_IRQHandler
                0x08000738                RCC_IRQHandler
                0x08000738                TIM8_BRK_TIM12_IRQHandler
                0x08000738                Default_Handler
                0x08000738                EXTI15_10_IRQHandler
                0x08000738                ADC_IRQHandler
                0x08000738                DMA1_Stream7_IRQHandler
                0x08000738                TIM7_IRQHandler
                0x08000738                CAN2_TX_IRQHandler
                0x08000738                TIM5_IRQHandler
                0x08000738                DMA2_Stream7_IRQHandler
                0x08000738                I2C3_EV_IRQHandler
                0x08000738                EXTI9_5_IRQHandler
                0x08000738                RTC_WKUP_IRQHandler
                0x08000738                ETH_WKUP_IRQHandler
                0x08000738                SPI2_IRQHandler
                0x08000738                OTG_HS_EP1_IN_IRQHandler
                0x08000738                DMA1_Stream0_IRQHandler
                0x08000738                CAN1_TX_IRQHandler
                0x08000738                SVC_Handler
                0x08000738                EXTI4_IRQHandler
                0x08000738                FSMC_IRQHandler
                0x08000738                ETH_IRQHandler
                0x08000738                OTG_HS_EP1_OUT_IRQHandler
                0x08000738                WWDG_IRQHandler
                0x08000738                TIM2_IRQHandler
                0x08000738                OTG_FS_WKUP_IRQHandler
                0x08000738                TIM1_TRG_COM_TIM11_IRQHandler
                0x08000738                OTG_HS_IRQHandler
                0x08000738                EXTI1_IRQHandler
                0x08000738                USART2_IRQHandler
                0x08000738                I2C2_ER_IRQHandler
                0x08000738                DMA2_Stream1_IRQHandler
                0x08000738                CAN1_SCE_IRQHandler
                0x08000738                DMA2_Stream4_IRQHandler
                0x08000738                USART1_IRQHandler
                0x08000738                OTG_FS_IRQHandler
                0x08000738                SPI3_IRQHandler
                0x08000738                DMA1_Stream4_IRQHandler
                0x08000738                I2C1_ER_IRQHandler
                0x08000738                DMA1_Stream3_IRQHandler
                0x0800073e                Reset_Handler
 *(.rodata)
                0x080007c4                . = ALIGN (0x4)
                0x080007c4                _etext = .

.glue_7         0x080007c4        0x0
 .glue_7        0x080007c4        0x0 linker stubs

.glue_7t        0x080007c4        0x0
 .glue_7t       0x080007c4        0x0 linker stubs

.vfp11_veneer   0x080007c4        0x0
 .vfp11_veneer  0x080007c4        0x0 linker stubs

.v4_bx          0x080007c4        0x0
 .v4_bx         0x080007c4        0x0 linker stubs

.iplt           0x080007c4        0x0
 .iplt          0x080007c4        0x0 main.o

.rel.dyn        0x080007c4        0x0
 .rel.iplt      0x080007c4        0x0 main.o

.data           0x20000000        0x4 load address 0x080007c4
                0x20000000                _sdata = .
 *(.data)
 .data          0x20000000        0x1 main.o
                0x20000000                current_task
 .data          0x20000001        0x0 led.o
 .data          0x20000001        0x0 stm32_startup.o
                0x20000004                . = ALIGN (0x4)
 *fill*         0x20000001        0x3 
                0x20000004                _edata = .

.igot.plt       0x20000004        0x0 load address 0x080007c8
 .igot.plt      0x20000004        0x0 main.o

.bss            0x20000004       0x54 load address 0x080007c8
                0x20000004                _sbss = .
 *(.bss)
 .bss           0x20000004       0x54 main.o
                0x20000004                user_tasks
                0x20000054                g_tick_count
 .bss           0x20000058        0x0 led.o
 .bss           0x20000058        0x0 stm32_startup.o
 *(COMMON)
                0x20000058                . = ALIGN (0x4)
                0x20000058                _ebss = .
OUTPUT(final.elf elf32-littlearm)
LOAD linker stubs

.comment        0x00000000       0x49
 .comment       0x00000000       0x49 main.o
                                 0x4a (size before relaxing)
 .comment       0x00000049       0x4a led.o
 .comment       0x00000049       0x4a stm32_startup.o

.ARM.attributes
                0x00000000       0x2e
 .ARM.attributes
                0x00000000       0x2e main.o
 .ARM.attributes
                0x0000002e       0x2e led.o
 .ARM.attributes
                0x0000005c       0x2e stm32_startup.o
